Archive member included to satisfy reference by file (symbol)

c:/intelfpga_lite/17.0/nios2eds/bin/gnu/h-x86_64-mingw32/bin/../lib/gcc/nios2-elf/5.3.0/../../../../../H-x86_64-mingw32/nios2-elf/lib/mno-hw-mul\libsmallc.a(lib_a-putchar.o)
                              obj/default/hello_world_small.o (putchar)
c:/intelfpga_lite/17.0/nios2eds/bin/gnu/h-x86_64-mingw32/bin/../lib/gcc/nios2-elf/5.3.0/../../../../../H-x86_64-mingw32/nios2-elf/lib/mno-hw-mul\libsmallc.a(lib_a-impure.o)
                              c:/intelfpga_lite/17.0/nios2eds/bin/gnu/h-x86_64-mingw32/bin/../lib/gcc/nios2-elf/5.3.0/../../../../../H-x86_64-mingw32/nios2-elf/lib/mno-hw-mul\libsmallc.a(lib_a-putchar.o) (_impure_ptr)
c:/intelfpga_lite/17.0/nios2eds/bin/gnu/h-x86_64-mingw32/bin/../lib/gcc/nios2-elf/5.3.0/../../../../../H-x86_64-mingw32/nios2-elf/lib/mno-hw-mul\libsmallc.a(lib_a-putc.o)
                              c:/intelfpga_lite/17.0/nios2eds/bin/gnu/h-x86_64-mingw32/bin/../lib/gcc/nios2-elf/5.3.0/../../../../../H-x86_64-mingw32/nios2-elf/lib/mno-hw-mul\libsmallc.a(lib_a-putchar.o) (_putc_r)
c:/intelfpga_lite/17.0/nios2eds/bin/gnu/h-x86_64-mingw32/bin/../lib/gcc/nios2-elf/5.3.0/../../../../../H-x86_64-mingw32/nios2-elf/lib/mno-hw-mul\libsmallc.a(lib_a-fvwrite_small_dev.o)
                              c:/intelfpga_lite/17.0/nios2eds/bin/gnu/h-x86_64-mingw32/bin/../lib/gcc/nios2-elf/5.3.0/../../../../../H-x86_64-mingw32/nios2-elf/lib/mno-hw-mul\libsmallc.a(lib_a-putc.o) (__sfvwrite_small_dev)
c:/intelfpga_lite/17.0/nios2eds/bin/gnu/h-x86_64-mingw32/bin/../lib/gcc/nios2-elf/5.3.0/../../../../../H-x86_64-mingw32/nios2-elf/lib/mno-hw-mul\libsmallc.a(lib_a-writer.o)
                              c:/intelfpga_lite/17.0/nios2eds/bin/gnu/h-x86_64-mingw32/bin/../lib/gcc/nios2-elf/5.3.0/../../../../../H-x86_64-mingw32/nios2-elf/lib/mno-hw-mul\libsmallc.a(lib_a-fvwrite_small_dev.o) (_write_r)
c:/intelfpga_lite/17.0/nios2eds/bin/gnu/h-x86_64-mingw32/bin/../lib/gcc/nios2-elf/5.3.0/../../../../../H-x86_64-mingw32/nios2-elf/lib/mno-hw-mul\libsmallc.a(lib_a-int_errno.o)
                              c:/intelfpga_lite/17.0/nios2eds/bin/gnu/h-x86_64-mingw32/bin/../lib/gcc/nios2-elf/5.3.0/../../../../../H-x86_64-mingw32/nios2-elf/lib/mno-hw-mul\libsmallc.a(lib_a-writer.o) (errno)
../uart_bsp/\libhal_bsp.a(alt_load.o)
                              ../uart_bsp//obj/HAL/src/crt0.o (alt_load)
../uart_bsp/\libhal_bsp.a(alt_main.o)
                              ../uart_bsp//obj/HAL/src/crt0.o (alt_main)
../uart_bsp/\libhal_bsp.a(alt_write.o)
                              c:/intelfpga_lite/17.0/nios2eds/bin/gnu/h-x86_64-mingw32/bin/../lib/gcc/nios2-elf/5.3.0/../../../../../H-x86_64-mingw32/nios2-elf/lib/mno-hw-mul\libsmallc.a(lib_a-writer.o) (write)
../uart_bsp/\libhal_bsp.a(alt_sys_init.o)
                              ../uart_bsp/\libhal_bsp.a(alt_main.o) (alt_irq_init)
../uart_bsp/\libhal_bsp.a(altera_avalon_uart_write.o)
                              ../uart_bsp/\libhal_bsp.a(alt_write.o) (altera_avalon_uart_write)
../uart_bsp/\libhal_bsp.a(alt_dcache_flush_all.o)
                              ../uart_bsp/\libhal_bsp.a(alt_load.o) (alt_dcache_flush_all)
../uart_bsp/\libhal_bsp.a(alt_errno.o)
                              ../uart_bsp/\libhal_bsp.a(alt_write.o) (alt_errno)
../uart_bsp/\libhal_bsp.a(alt_icache_flush_all.o)
                              ../uart_bsp/\libhal_bsp.a(alt_load.o) (alt_icache_flush_all)
../uart_bsp/\libhal_bsp.a(altera_nios2_gen2_irq.o)
                              ../uart_bsp/\libhal_bsp.a(alt_sys_init.o) (altera_nios2_gen2_irq_init)

Allocating common symbols
Common symbol       size              file

errno               0x4               c:/intelfpga_lite/17.0/nios2eds/bin/gnu/h-x86_64-mingw32/bin/../lib/gcc/nios2-elf/5.3.0/../../../../../H-x86_64-mingw32/nios2-elf/lib/mno-hw-mul\libsmallc.a(lib_a-int_errno.o)

Memory Configuration

Name             Origin             Length             Attributes
reset            0x0000000000001000 0x0000000000000020
onchip_memory2_0 0x0000000000001020 0x0000000000000fe0
*default*        0x0000000000000000 0xffffffffffffffff

Linker script and memory map

LOAD ../uart_bsp//obj/HAL/src/crt0.o
LOAD obj/default/hello_world_small.o
LOAD c:/intelfpga_lite/17.0/nios2eds/bin/gnu/h-x86_64-mingw32/bin/../lib/gcc/nios2-elf/5.3.0/../../../../../H-x86_64-mingw32/nios2-elf/lib/mno-hw-mul\libstdc++.a
LOAD c:/intelfpga_lite/17.0/nios2eds/bin/gnu/h-x86_64-mingw32/bin/../lib/gcc/nios2-elf/5.3.0/../../../../../H-x86_64-mingw32/nios2-elf/lib/mno-hw-mul\libm.a
LOAD c:/intelfpga_lite/17.0/nios2eds/bin/gnu/h-x86_64-mingw32/bin/../lib/gcc/nios2-elf/5.3.0/mno-hw-mul\libgcc.a
START GROUP
LOAD c:/intelfpga_lite/17.0/nios2eds/bin/gnu/h-x86_64-mingw32/bin/../lib/gcc/nios2-elf/5.3.0/../../../../../H-x86_64-mingw32/nios2-elf/lib/mno-hw-mul\libsmallc.a
LOAD c:/intelfpga_lite/17.0/nios2eds/bin/gnu/h-x86_64-mingw32/bin/../lib/gcc/nios2-elf/5.3.0/mno-hw-mul\libgcc.a
LOAD ../uart_bsp/\libhal_bsp.a
LOAD c:/intelfpga_lite/17.0/nios2eds/bin/gnu/h-x86_64-mingw32/bin/../lib/gcc/nios2-elf/5.3.0/../../../../../H-x86_64-mingw32/nios2-elf/lib/mno-hw-mul\libm.a
END GROUP
LOAD c:/intelfpga_lite/17.0/nios2eds/bin/gnu/h-x86_64-mingw32/bin/../lib/gcc/nios2-elf/5.3.0/mno-hw-mul\libgcc.a
                0x0000000000001000                __alt_mem_onchip_memory2_0 = 0x1000

.entry          0x0000000000001000       0x20
 *(.entry)
 .entry         0x0000000000001000       0x20 ../uart_bsp//obj/HAL/src/crt0.o
                0x0000000000001000                __reset
                0x000000000000100c                _exit

.exceptions     0x0000000000001020        0x0
                0x0000000000001020                PROVIDE (__ram_exceptions_start, ABSOLUTE (.))
                0x0000000000001020                . = ALIGN (0x20)
 *(.irq)
 *(.exceptions.entry.label)
 *(.exceptions.entry.user)
 *(.exceptions.entry.ecc_fatal)
 *(.exceptions.entry)
 *(.exceptions.irqtest.user)
 *(.exceptions.irqtest)
 *(.exceptions.irqhandler.user)
 *(.exceptions.irqhandler)
 *(.exceptions.irqreturn.user)
 *(.exceptions.irqreturn)
 *(.exceptions.notirq.label)
 *(.exceptions.notirq.user)
 *(.exceptions.notirq)
 *(.exceptions.soft.user)
 *(.exceptions.soft)
 *(.exceptions.unknown.user)
 *(.exceptions.unknown)
 *(.exceptions.exit.label)
 *(.exceptions.exit.user)
 *(.exceptions.exit)
 *(.exceptions)
                0x0000000000001020                PROVIDE (__ram_exceptions_end, ABSOLUTE (.))
                0x0000000000001020                PROVIDE (__flash_exceptions_start, LOADADDR (.exceptions))

.text           0x0000000000001020      0x468
                [!provide]                        PROVIDE (stext, ABSOLUTE (.))
 *(.interp)
 *(.hash)
 *(.dynsym)
 *(.dynstr)
 *(.gnu.version)
 *(.gnu.version_d)
 *(.gnu.version_r)
 *(.rel.init)
 *(.rela.init)
 *(.rel.text .rel.text.* .rel.gnu.linkonce.t.*)
 *(.rela.text .rela.text.* .rela.gnu.linkonce.t.*)
 *(.rel.fini)
 *(.rela.fini)
 *(.rel.rodata .rel.rodata.* .rel.gnu.linkonce.r.*)
 *(.rela.rodata .rela.rodata.* .rela.gnu.linkonce.r.*)
 *(.rel.data .rel.data.* .rel.gnu.linkonce.d.*)
 *(.rela.data .rela.data.* .rela.gnu.linkonce.d.*)
 *(.rel.tdata .rel.tdata.* .rel.gnu.linkonce.td.*)
 *(.rela.tdata .rela.tdata.* .rela.gnu.linkonce.td.*)
 *(.rel.tbss .rel.tbss.* .rel.gnu.linkonce.tb.*)
 *(.rela.tbss .rela.tbss.* .rela.gnu.linkonce.tb.*)
 *(.rel.ctors)
 *(.rela.ctors)
 *(.rel.dtors)
 *(.rela.dtors)
 *(.rel.got)
 *(.rela.got)
 *(.rel.sdata .rel.sdata.* .rel.gnu.linkonce.s.*)
 *(.rela.sdata .rela.sdata.* .rela.gnu.linkonce.s.*)
 *(.rel.sbss .rel.sbss.* .rel.gnu.linkonce.sb.*)
 *(.rela.sbss .rela.sbss.* .rela.gnu.linkonce.sb.*)
 *(.rel.sdata2 .rel.sdata2.* .rel.gnu.linkonce.s2.*)
 *(.rela.sdata2 .rela.sdata2.* .rela.gnu.linkonce.s2.*)
 *(.rel.sbss2 .rel.sbss2.* .rel.gnu.linkonce.sb2.*)
 *(.rela.sbss2 .rela.sbss2.* .rela.gnu.linkonce.sb2.*)
 *(.rel.bss .rel.bss.* .rel.gnu.linkonce.b.*)
 *(.rela.bss .rela.bss.* .rela.gnu.linkonce.b.*)
 *(.rel.plt)
 *(.rela.plt)
 *(.rel.dyn)
 *(.init)
 *(.plt)
 *(.text .stub .text.* .gnu.linkonce.t.*)
 .text          0x0000000000001020       0x3c ../uart_bsp//obj/HAL/src/crt0.o
                0x0000000000001020                _start
 .text          0x000000000000105c        0x0 obj/default/hello_world_small.o
 .text.startup  0x000000000000105c       0x28 obj/default/hello_world_small.o
                0x000000000000105c                main
 .text          0x0000000000001084        0x0 c:/intelfpga_lite/17.0/nios2eds/bin/gnu/h-x86_64-mingw32/bin/../lib/gcc/nios2-elf/5.3.0/../../../../../H-x86_64-mingw32/nios2-elf/lib/mno-hw-mul\libsmallc.a(lib_a-putchar.o)
 .text._putchar_r
                0x0000000000001084        0x8 c:/intelfpga_lite/17.0/nios2eds/bin/gnu/h-x86_64-mingw32/bin/../lib/gcc/nios2-elf/5.3.0/../../../../../H-x86_64-mingw32/nios2-elf/lib/mno-hw-mul\libsmallc.a(lib_a-putchar.o)
                0x0000000000001084                _putchar_r
 .text.putchar  0x000000000000108c       0x1c c:/intelfpga_lite/17.0/nios2eds/bin/gnu/h-x86_64-mingw32/bin/../lib/gcc/nios2-elf/5.3.0/../../../../../H-x86_64-mingw32/nios2-elf/lib/mno-hw-mul\libsmallc.a(lib_a-putchar.o)
                0x000000000000108c                putchar
 .text          0x00000000000010a8        0x0 c:/intelfpga_lite/17.0/nios2eds/bin/gnu/h-x86_64-mingw32/bin/../lib/gcc/nios2-elf/5.3.0/../../../../../H-x86_64-mingw32/nios2-elf/lib/mno-hw-mul\libsmallc.a(lib_a-impure.o)
 .text          0x00000000000010a8        0x0 c:/intelfpga_lite/17.0/nios2eds/bin/gnu/h-x86_64-mingw32/bin/../lib/gcc/nios2-elf/5.3.0/../../../../../H-x86_64-mingw32/nios2-elf/lib/mno-hw-mul\libsmallc.a(lib_a-putc.o)
 .text.putc     0x00000000000010a8       0x54 c:/intelfpga_lite/17.0/nios2eds/bin/gnu/h-x86_64-mingw32/bin/../lib/gcc/nios2-elf/5.3.0/../../../../../H-x86_64-mingw32/nios2-elf/lib/mno-hw-mul\libsmallc.a(lib_a-putc.o)
                0x00000000000010a8                putc
 .text._putc_r  0x00000000000010fc       0x58 c:/intelfpga_lite/17.0/nios2eds/bin/gnu/h-x86_64-mingw32/bin/../lib/gcc/nios2-elf/5.3.0/../../../../../H-x86_64-mingw32/nios2-elf/lib/mno-hw-mul\libsmallc.a(lib_a-putc.o)
                0x00000000000010fc                _putc_r
 .text          0x0000000000001154        0x0 c:/intelfpga_lite/17.0/nios2eds/bin/gnu/h-x86_64-mingw32/bin/../lib/gcc/nios2-elf/5.3.0/../../../../../H-x86_64-mingw32/nios2-elf/lib/mno-hw-mul\libsmallc.a(lib_a-fvwrite_small_dev.o)
 .text.__sfvwrite_small_dev
                0x0000000000001154       0xb8 c:/intelfpga_lite/17.0/nios2eds/bin/gnu/h-x86_64-mingw32/bin/../lib/gcc/nios2-elf/5.3.0/../../../../../H-x86_64-mingw32/nios2-elf/lib/mno-hw-mul\libsmallc.a(lib_a-fvwrite_small_dev.o)
                0x0000000000001154                __sfvwrite_small_dev
 .text          0x000000000000120c        0x0 c:/intelfpga_lite/17.0/nios2eds/bin/gnu/h-x86_64-mingw32/bin/../lib/gcc/nios2-elf/5.3.0/../../../../../H-x86_64-mingw32/nios2-elf/lib/mno-hw-mul\libsmallc.a(lib_a-writer.o)
 .text._write_r
                0x000000000000120c       0x58 c:/intelfpga_lite/17.0/nios2eds/bin/gnu/h-x86_64-mingw32/bin/../lib/gcc/nios2-elf/5.3.0/../../../../../H-x86_64-mingw32/nios2-elf/lib/mno-hw-mul\libsmallc.a(lib_a-writer.o)
                0x000000000000120c                _write_r
 .text          0x0000000000001264        0x0 c:/intelfpga_lite/17.0/nios2eds/bin/gnu/h-x86_64-mingw32/bin/../lib/gcc/nios2-elf/5.3.0/../../../../../H-x86_64-mingw32/nios2-elf/lib/mno-hw-mul\libsmallc.a(lib_a-int_errno.o)
 .text          0x0000000000001264       0xe0 ../uart_bsp/\libhal_bsp.a(alt_load.o)
                0x0000000000001264                alt_load
 .text          0x0000000000001344       0x2c ../uart_bsp/\libhal_bsp.a(alt_main.o)
                0x0000000000001344                alt_main
 .text          0x0000000000001370       0x60 ../uart_bsp/\libhal_bsp.a(alt_write.o)
                0x0000000000001370                write
 .text          0x00000000000013d0       0x24 ../uart_bsp/\libhal_bsp.a(alt_sys_init.o)
                0x00000000000013d0                alt_irq_init
                0x00000000000013f0                alt_sys_init
 .text          0x00000000000013f4       0x84 ../uart_bsp/\libhal_bsp.a(altera_avalon_uart_write.o)
                0x00000000000013f4                altera_avalon_uart_write
 .text          0x0000000000001478        0x4 ../uart_bsp/\libhal_bsp.a(alt_dcache_flush_all.o)
                0x0000000000001478                alt_dcache_flush_all
 .text          0x000000000000147c        0x0 ../uart_bsp/\libhal_bsp.a(alt_errno.o)
 .text          0x000000000000147c        0x4 ../uart_bsp/\libhal_bsp.a(alt_icache_flush_all.o)
                0x000000000000147c                alt_icache_flush_all
 .text          0x0000000000001480        0x8 ../uart_bsp/\libhal_bsp.a(altera_nios2_gen2_irq.o)
                0x0000000000001480                altera_nios2_gen2_irq_init
 *(.gnu.warning.*)
 *(.fini)
                [!provide]                        PROVIDE (__etext, ABSOLUTE (.))
                [!provide]                        PROVIDE (_etext, ABSOLUTE (.))
                [!provide]                        PROVIDE (etext, ABSOLUTE (.))
 *(.eh_frame_hdr)
                0x0000000000001488                . = ALIGN (0x4)
                [!provide]                        PROVIDE (__preinit_array_start, ABSOLUTE (.))
 *(.preinit_array)
                [!provide]                        PROVIDE (__preinit_array_end, ABSOLUTE (.))
                [!provide]                        PROVIDE (__init_array_start, ABSOLUTE (.))
 *(.init_array)
                [!provide]                        PROVIDE (__init_array_end, ABSOLUTE (.))
                [!provide]                        PROVIDE (__fini_array_start, ABSOLUTE (.))
 *(.fini_array)
                [!provide]                        PROVIDE (__fini_array_end, ABSOLUTE (.))
 *(.eh_frame)
 *(.gcc_except_table .gcc_except_table.*)
 *(.dynamic)
                [!provide]                        PROVIDE (__CTOR_LIST__, ABSOLUTE (.))
 *(.ctors)
 *(SORT(.ctors.*))
                [!provide]                        PROVIDE (__CTOR_END__, ABSOLUTE (.))
                [!provide]                        PROVIDE (__DTOR_LIST__, ABSOLUTE (.))
 *(.dtors)
 *(SORT(.dtors.*))
                [!provide]                        PROVIDE (__DTOR_END__, ABSOLUTE (.))
 *(.jcr)
                0x0000000000001488                . = ALIGN (0x4)

.rodata         0x0000000000001488        0x0
                0x0000000000001488                PROVIDE (__ram_rodata_start, ABSOLUTE (.))
                0x0000000000001488                . = ALIGN (0x4)
 *(.rodata .rodata.* .gnu.linkonce.r.*)
 *(.rodata1)
                0x0000000000001488                . = ALIGN (0x4)
                0x0000000000001488                PROVIDE (__ram_rodata_end, ABSOLUTE (.))
                0x0000000000001488                PROVIDE (__flash_rodata_start, LOADADDR (.rodata))

.rwdata         0x0000000000001488       0xf0 load address 0x0000000000001578
                0x0000000000001488                PROVIDE (__ram_rwdata_start, ABSOLUTE (.))
                0x0000000000001488                . = ALIGN (0x4)
 *(.got.plt)
 *(.got)
 *(.data1)
 *(.data .data.* .gnu.linkonce.d.*)
 .data          0x0000000000001488        0x0 ../uart_bsp//obj/HAL/src/crt0.o
 .data          0x0000000000001488        0x0 obj/default/hello_world_small.o
 .data          0x0000000000001488        0x0 c:/intelfpga_lite/17.0/nios2eds/bin/gnu/h-x86_64-mingw32/bin/../lib/gcc/nios2-elf/5.3.0/../../../../../H-x86_64-mingw32/nios2-elf/lib/mno-hw-mul\libsmallc.a(lib_a-putchar.o)
 .data          0x0000000000001488        0x0 c:/intelfpga_lite/17.0/nios2eds/bin/gnu/h-x86_64-mingw32/bin/../lib/gcc/nios2-elf/5.3.0/../../../../../H-x86_64-mingw32/nios2-elf/lib/mno-hw-mul\libsmallc.a(lib_a-impure.o)
 .data.impure_data
                0x0000000000001488       0xe0 c:/intelfpga_lite/17.0/nios2eds/bin/gnu/h-x86_64-mingw32/bin/../lib/gcc/nios2-elf/5.3.0/../../../../../H-x86_64-mingw32/nios2-elf/lib/mno-hw-mul\libsmallc.a(lib_a-impure.o)
 .data          0x0000000000001568        0x0 c:/intelfpga_lite/17.0/nios2eds/bin/gnu/h-x86_64-mingw32/bin/../lib/gcc/nios2-elf/5.3.0/../../../../../H-x86_64-mingw32/nios2-elf/lib/mno-hw-mul\libsmallc.a(lib_a-putc.o)
 .data          0x0000000000001568        0x0 c:/intelfpga_lite/17.0/nios2eds/bin/gnu/h-x86_64-mingw32/bin/../lib/gcc/nios2-elf/5.3.0/../../../../../H-x86_64-mingw32/nios2-elf/lib/mno-hw-mul\libsmallc.a(lib_a-fvwrite_small_dev.o)
 .data          0x0000000000001568        0x0 c:/intelfpga_lite/17.0/nios2eds/bin/gnu/h-x86_64-mingw32/bin/../lib/gcc/nios2-elf/5.3.0/../../../../../H-x86_64-mingw32/nios2-elf/lib/mno-hw-mul\libsmallc.a(lib_a-writer.o)
 .data          0x0000000000001568        0x0 c:/intelfpga_lite/17.0/nios2eds/bin/gnu/h-x86_64-mingw32/bin/../lib/gcc/nios2-elf/5.3.0/../../../../../H-x86_64-mingw32/nios2-elf/lib/mno-hw-mul\libsmallc.a(lib_a-int_errno.o)
 .data          0x0000000000001568        0x0 ../uart_bsp/\libhal_bsp.a(alt_load.o)
 .data          0x0000000000001568        0x0 ../uart_bsp/\libhal_bsp.a(alt_main.o)
 .data          0x0000000000001568        0x0 ../uart_bsp/\libhal_bsp.a(alt_write.o)
 .data          0x0000000000001568        0x0 ../uart_bsp/\libhal_bsp.a(alt_sys_init.o)
 .data          0x0000000000001568        0x0 ../uart_bsp/\libhal_bsp.a(altera_avalon_uart_write.o)
 .data          0x0000000000001568        0x0 ../uart_bsp/\libhal_bsp.a(alt_dcache_flush_all.o)
 .data          0x0000000000001568        0x0 ../uart_bsp/\libhal_bsp.a(alt_errno.o)
 .data          0x0000000000001568        0x0 ../uart_bsp/\libhal_bsp.a(alt_icache_flush_all.o)
 .data          0x0000000000001568        0x0 ../uart_bsp/\libhal_bsp.a(altera_nios2_gen2_irq.o)
                0x0000000000009568                _gp = ABSOLUTE ((. + 0x8000))
                [!provide]                        PROVIDE (gp, _gp)
 *(.rwdata .rwdata.*)
 *(.sdata .sdata.* .gnu.linkonce.s.*)
 .sdata._global_impure_ptr
                0x0000000000001568        0x4 c:/intelfpga_lite/17.0/nios2eds/bin/gnu/h-x86_64-mingw32/bin/../lib/gcc/nios2-elf/5.3.0/../../../../../H-x86_64-mingw32/nios2-elf/lib/mno-hw-mul\libsmallc.a(lib_a-impure.o)
                0x0000000000001568                _global_impure_ptr
 .sdata._impure_ptr
                0x000000000000156c        0x4 c:/intelfpga_lite/17.0/nios2eds/bin/gnu/h-x86_64-mingw32/bin/../lib/gcc/nios2-elf/5.3.0/../../../../../H-x86_64-mingw32/nios2-elf/lib/mno-hw-mul\libsmallc.a(lib_a-impure.o)
                0x000000000000156c                _impure_ptr
 .sdata         0x0000000000001570        0x4 ../uart_bsp/\libhal_bsp.a(alt_sys_init.o)
                0x0000000000001570                uart_0
 .sdata         0x0000000000001574        0x4 ../uart_bsp/\libhal_bsp.a(alt_errno.o)
                0x0000000000001574                alt_errno
 *(.sdata2 .sdata2.* .gnu.linkonce.s2.*)
                0x0000000000001578                . = ALIGN (0x4)
                0x0000000000001578                _edata = ABSOLUTE (.)
                [!provide]                        PROVIDE (edata, ABSOLUTE (.))
                0x0000000000001578                PROVIDE (__ram_rwdata_end, ABSOLUTE (.))
                0x0000000000001578                PROVIDE (__flash_rwdata_start, LOADADDR (.rwdata))

.bss            0x0000000000001668       0x10
                0x0000000000001668                __bss_start = ABSOLUTE (.)
                [!provide]                        PROVIDE (__sbss_start, ABSOLUTE (.))
                [!provide]                        PROVIDE (___sbss_start, ABSOLUTE (.))
 *(.dynsbss)
 *(.sbss .sbss.* .gnu.linkonce.sb.*)
 .sbss          0x0000000000001668        0x4 c:/intelfpga_lite/17.0/nios2eds/bin/gnu/h-x86_64-mingw32/bin/../lib/gcc/nios2-elf/5.3.0/../../../../../H-x86_64-mingw32/nios2-elf/lib/mno-hw-mul\libsmallc.a(lib_a-int_errno.o)
                0x0000000000001668                errno
 .sbss          0x000000000000166c        0xc ../uart_bsp/\libhal_bsp.a(alt_main.o)
                0x000000000000166c                alt_envp
                0x0000000000001670                alt_argv
                0x0000000000001674                alt_argc
 *(.sbss2 .sbss2.* .gnu.linkonce.sb2.*)
 *(.scommon)
                [!provide]                        PROVIDE (__sbss_end, ABSOLUTE (.))
                [!provide]                        PROVIDE (___sbss_end, ABSOLUTE (.))
 *(.dynbss)
 *(.bss .bss.* .gnu.linkonce.b.*)
 .bss           0x0000000000001678        0x0 ../uart_bsp//obj/HAL/src/crt0.o
 .bss           0x0000000000001678        0x0 obj/default/hello_world_small.o
 .bss           0x0000000000001678        0x0 c:/intelfpga_lite/17.0/nios2eds/bin/gnu/h-x86_64-mingw32/bin/../lib/gcc/nios2-elf/5.3.0/../../../../../H-x86_64-mingw32/nios2-elf/lib/mno-hw-mul\libsmallc.a(lib_a-putchar.o)
 .bss           0x0000000000001678        0x0 c:/intelfpga_lite/17.0/nios2eds/bin/gnu/h-x86_64-mingw32/bin/../lib/gcc/nios2-elf/5.3.0/../../../../../H-x86_64-mingw32/nios2-elf/lib/mno-hw-mul\libsmallc.a(lib_a-impure.o)
 .bss           0x0000000000001678        0x0 c:/intelfpga_lite/17.0/nios2eds/bin/gnu/h-x86_64-mingw32/bin/../lib/gcc/nios2-elf/5.3.0/../../../../../H-x86_64-mingw32/nios2-elf/lib/mno-hw-mul\libsmallc.a(lib_a-putc.o)
 .bss           0x0000000000001678        0x0 c:/intelfpga_lite/17.0/nios2eds/bin/gnu/h-x86_64-mingw32/bin/../lib/gcc/nios2-elf/5.3.0/../../../../../H-x86_64-mingw32/nios2-elf/lib/mno-hw-mul\libsmallc.a(lib_a-fvwrite_small_dev.o)
 .bss           0x0000000000001678        0x0 c:/intelfpga_lite/17.0/nios2eds/bin/gnu/h-x86_64-mingw32/bin/../lib/gcc/nios2-elf/5.3.0/../../../../../H-x86_64-mingw32/nios2-elf/lib/mno-hw-mul\libsmallc.a(lib_a-writer.o)
 .bss           0x0000000000001678        0x0 c:/intelfpga_lite/17.0/nios2eds/bin/gnu/h-x86_64-mingw32/bin/../lib/gcc/nios2-elf/5.3.0/../../../../../H-x86_64-mingw32/nios2-elf/lib/mno-hw-mul\libsmallc.a(lib_a-int_errno.o)
 .bss           0x0000000000001678        0x0 ../uart_bsp/\libhal_bsp.a(alt_load.o)
 .bss           0x0000000000001678        0x0 ../uart_bsp/\libhal_bsp.a(alt_main.o)
 .bss           0x0000000000001678        0x0 ../uart_bsp/\libhal_bsp.a(alt_write.o)
 .bss           0x0000000000001678        0x0 ../uart_bsp/\libhal_bsp.a(alt_sys_init.o)
 .bss           0x0000000000001678        0x0 ../uart_bsp/\libhal_bsp.a(altera_avalon_uart_write.o)
 .bss           0x0000000000001678        0x0 ../uart_bsp/\libhal_bsp.a(alt_dcache_flush_all.o)
 .bss           0x0000000000001678        0x0 ../uart_bsp/\libhal_bsp.a(alt_errno.o)
 .bss           0x0000000000001678        0x0 ../uart_bsp/\libhal_bsp.a(alt_icache_flush_all.o)
 .bss           0x0000000000001678        0x0 ../uart_bsp/\libhal_bsp.a(altera_nios2_gen2_irq.o)
 *(COMMON)
                0x0000000000001678                . = ALIGN (0x4)
                0x0000000000001678                __bss_end = ABSOLUTE (.)

.onchip_memory2_0
                0x0000000000001678        0x0
                [!provide]                        PROVIDE (_alt_partition_onchip_memory2_0_start, ABSOLUTE (.))
 *(.onchip_memory2_0 .onchip_memory2_0. onchip_memory2_0.*)
                0x0000000000001678                . = ALIGN (0x4)
                [!provide]                        PROVIDE (_alt_partition_onchip_memory2_0_end, ABSOLUTE (.))
                0x0000000000001678                _end = ABSOLUTE (.)
                0x0000000000001678                end = ABSOLUTE (.)
                0x0000000000001678                __alt_stack_base = ABSOLUTE (.)
                [!provide]                        PROVIDE (_alt_partition_onchip_memory2_0_load_addr, LOADADDR (.onchip_memory2_0))

.stab
 *(.stab)

.stabstr
 *(.stabstr)

.stab.excl
 *(.stab.excl)

.stab.exclstr
 *(.stab.exclstr)

.stab.index
 *(.stab.index)

.stab.indexstr
 *(.stab.indexstr)

.comment        0x0000000000000000       0x23
 *(.comment)
 .comment       0x0000000000000000       0x23 obj/default/hello_world_small.o
                                         0x24 (size before relaxing)
 .comment       0x0000000000000023       0x24 c:/intelfpga_lite/17.0/nios2eds/bin/gnu/h-x86_64-mingw32/bin/../lib/gcc/nios2-elf/5.3.0/../../../../../H-x86_64-mingw32/nios2-elf/lib/mno-hw-mul\libsmallc.a(lib_a-putchar.o)
 .comment       0x0000000000000023       0x24 c:/intelfpga_lite/17.0/nios2eds/bin/gnu/h-x86_64-mingw32/bin/../lib/gcc/nios2-elf/5.3.0/../../../../../H-x86_64-mingw32/nios2-elf/lib/mno-hw-mul\libsmallc.a(lib_a-impure.o)
 .comment       0x0000000000000023       0x24 c:/intelfpga_lite/17.0/nios2eds/bin/gnu/h-x86_64-mingw32/bin/../lib/gcc/nios2-elf/5.3.0/../../../../../H-x86_64-mingw32/nios2-elf/lib/mno-hw-mul\libsmallc.a(lib_a-putc.o)
 .comment       0x0000000000000023       0x24 c:/intelfpga_lite/17.0/nios2eds/bin/gnu/h-x86_64-mingw32/bin/../lib/gcc/nios2-elf/5.3.0/../../../../../H-x86_64-mingw32/nios2-elf/lib/mno-hw-mul\libsmallc.a(lib_a-fvwrite_small_dev.o)
 .comment       0x0000000000000023       0x24 c:/intelfpga_lite/17.0/nios2eds/bin/gnu/h-x86_64-mingw32/bin/../lib/gcc/nios2-elf/5.3.0/../../../../../H-x86_64-mingw32/nios2-elf/lib/mno-hw-mul\libsmallc.a(lib_a-writer.o)
 .comment       0x0000000000000023       0x24 c:/intelfpga_lite/17.0/nios2eds/bin/gnu/h-x86_64-mingw32/bin/../lib/gcc/nios2-elf/5.3.0/../../../../../H-x86_64-mingw32/nios2-elf/lib/mno-hw-mul\libsmallc.a(lib_a-int_errno.o)
 .comment       0x0000000000000023       0x24 ../uart_bsp/\libhal_bsp.a(alt_load.o)
 .comment       0x0000000000000023       0x24 ../uart_bsp/\libhal_bsp.a(alt_main.o)
 .comment       0x0000000000000023       0x24 ../uart_bsp/\libhal_bsp.a(alt_write.o)
 .comment       0x0000000000000023       0x24 ../uart_bsp/\libhal_bsp.a(alt_sys_init.o)
 .comment       0x0000000000000023       0x24 ../uart_bsp/\libhal_bsp.a(altera_avalon_uart_write.o)
 .comment       0x0000000000000023       0x24 ../uart_bsp/\libhal_bsp.a(alt_dcache_flush_all.o)
 .comment       0x0000000000000023       0x24 ../uart_bsp/\libhal_bsp.a(alt_errno.o)
 .comment       0x0000000000000023       0x24 ../uart_bsp/\libhal_bsp.a(alt_icache_flush_all.o)
 .comment       0x0000000000000023       0x24 ../uart_bsp/\libhal_bsp.a(altera_nios2_gen2_irq.o)

.debug
 *(.debug)

.line
 *(.line)

.debug_srcinfo
 *(.debug_srcinfo)

.debug_sfnames
 *(.debug_sfnames)

.debug_aranges  0x0000000000000000      0x220
 *(.debug_aranges)
 .debug_aranges
                0x0000000000000000       0x28 ../uart_bsp//obj/HAL/src/crt0.o
 .debug_aranges
                0x0000000000000028       0x20 obj/default/hello_world_small.o
 .debug_aranges
                0x0000000000000048       0x28 c:/intelfpga_lite/17.0/nios2eds/bin/gnu/h-x86_64-mingw32/bin/../lib/gcc/nios2-elf/5.3.0/../../../../../H-x86_64-mingw32/nios2-elf/lib/mno-hw-mul\libsmallc.a(lib_a-putchar.o)
 .debug_aranges
                0x0000000000000070       0x18 c:/intelfpga_lite/17.0/nios2eds/bin/gnu/h-x86_64-mingw32/bin/../lib/gcc/nios2-elf/5.3.0/../../../../../H-x86_64-mingw32/nios2-elf/lib/mno-hw-mul\libsmallc.a(lib_a-impure.o)
 .debug_aranges
                0x0000000000000088       0x28 c:/intelfpga_lite/17.0/nios2eds/bin/gnu/h-x86_64-mingw32/bin/../lib/gcc/nios2-elf/5.3.0/../../../../../H-x86_64-mingw32/nios2-elf/lib/mno-hw-mul\libsmallc.a(lib_a-putc.o)
 .debug_aranges
                0x00000000000000b0       0x20 c:/intelfpga_lite/17.0/nios2eds/bin/gnu/h-x86_64-mingw32/bin/../lib/gcc/nios2-elf/5.3.0/../../../../../H-x86_64-mingw32/nios2-elf/lib/mno-hw-mul\libsmallc.a(lib_a-fvwrite_small_dev.o)
 .debug_aranges
                0x00000000000000d0       0x20 c:/intelfpga_lite/17.0/nios2eds/bin/gnu/h-x86_64-mingw32/bin/../lib/gcc/nios2-elf/5.3.0/../../../../../H-x86_64-mingw32/nios2-elf/lib/mno-hw-mul\libsmallc.a(lib_a-writer.o)
 .debug_aranges
                0x00000000000000f0       0x18 c:/intelfpga_lite/17.0/nios2eds/bin/gnu/h-x86_64-mingw32/bin/../lib/gcc/nios2-elf/5.3.0/../../../../../H-x86_64-mingw32/nios2-elf/lib/mno-hw-mul\libsmallc.a(lib_a-int_errno.o)
 .debug_aranges
                0x0000000000000108       0x20 ../uart_bsp/\libhal_bsp.a(alt_load.o)
 .debug_aranges
                0x0000000000000128       0x20 ../uart_bsp/\libhal_bsp.a(alt_main.o)
 .debug_aranges
                0x0000000000000148       0x20 ../uart_bsp/\libhal_bsp.a(alt_write.o)
 .debug_aranges
                0x0000000000000168       0x20 ../uart_bsp/\libhal_bsp.a(alt_sys_init.o)
 .debug_aranges
                0x0000000000000188       0x20 ../uart_bsp/\libhal_bsp.a(altera_avalon_uart_write.o)
 .debug_aranges
                0x00000000000001a8       0x20 ../uart_bsp/\libhal_bsp.a(alt_dcache_flush_all.o)
 .debug_aranges
                0x00000000000001c8       0x18 ../uart_bsp/\libhal_bsp.a(alt_errno.o)
 .debug_aranges
                0x00000000000001e0       0x20 ../uart_bsp/\libhal_bsp.a(alt_icache_flush_all.o)
 .debug_aranges
                0x0000000000000200       0x20 ../uart_bsp/\libhal_bsp.a(altera_nios2_gen2_irq.o)

.debug_pubnames
 *(.debug_pubnames)

.debug_info     0x0000000000000000     0x2ade
 *(.debug_info .gnu.linkonce.wi.*)
 .debug_info    0x0000000000000000       0x65 ../uart_bsp//obj/HAL/src/crt0.o
 .debug_info    0x0000000000000065       0xd5 obj/default/hello_world_small.o
 .debug_info    0x000000000000013a      0x62a c:/intelfpga_lite/17.0/nios2eds/bin/gnu/h-x86_64-mingw32/bin/../lib/gcc/nios2-elf/5.3.0/../../../../../H-x86_64-mingw32/nios2-elf/lib/mno-hw-mul\libsmallc.a(lib_a-putchar.o)
 .debug_info    0x0000000000000764      0x5a9 c:/intelfpga_lite/17.0/nios2eds/bin/gnu/h-x86_64-mingw32/bin/../lib/gcc/nios2-elf/5.3.0/../../../../../H-x86_64-mingw32/nios2-elf/lib/mno-hw-mul\libsmallc.a(lib_a-impure.o)
 .debug_info    0x0000000000000d0d      0x672 c:/intelfpga_lite/17.0/nios2eds/bin/gnu/h-x86_64-mingw32/bin/../lib/gcc/nios2-elf/5.3.0/../../../../../H-x86_64-mingw32/nios2-elf/lib/mno-hw-mul\libsmallc.a(lib_a-putc.o)
 .debug_info    0x000000000000137f      0x62b c:/intelfpga_lite/17.0/nios2eds/bin/gnu/h-x86_64-mingw32/bin/../lib/gcc/nios2-elf/5.3.0/../../../../../H-x86_64-mingw32/nios2-elf/lib/mno-hw-mul\libsmallc.a(lib_a-fvwrite_small_dev.o)
 .debug_info    0x00000000000019aa      0x630 c:/intelfpga_lite/17.0/nios2eds/bin/gnu/h-x86_64-mingw32/bin/../lib/gcc/nios2-elf/5.3.0/../../../../../H-x86_64-mingw32/nios2-elf/lib/mno-hw-mul\libsmallc.a(lib_a-writer.o)
 .debug_info    0x0000000000001fda       0x8a c:/intelfpga_lite/17.0/nios2eds/bin/gnu/h-x86_64-mingw32/bin/../lib/gcc/nios2-elf/5.3.0/../../../../../H-x86_64-mingw32/nios2-elf/lib/mno-hw-mul\libsmallc.a(lib_a-int_errno.o)
 .debug_info    0x0000000000002064      0x1c9 ../uart_bsp/\libhal_bsp.a(alt_load.o)
 .debug_info    0x000000000000222d      0x169 ../uart_bsp/\libhal_bsp.a(alt_main.o)
 .debug_info    0x0000000000002396      0x1c7 ../uart_bsp/\libhal_bsp.a(alt_write.o)
 .debug_info    0x000000000000255d      0x15f ../uart_bsp/\libhal_bsp.a(alt_sys_init.o)
 .debug_info    0x00000000000026bc      0x1c6 ../uart_bsp/\libhal_bsp.a(altera_avalon_uart_write.o)
 .debug_info    0x0000000000002882       0x92 ../uart_bsp/\libhal_bsp.a(alt_dcache_flush_all.o)
 .debug_info    0x0000000000002914       0xa6 ../uart_bsp/\libhal_bsp.a(alt_errno.o)
 .debug_info    0x00000000000029ba       0x92 ../uart_bsp/\libhal_bsp.a(alt_icache_flush_all.o)
 .debug_info    0x0000000000002a4c       0x92 ../uart_bsp/\libhal_bsp.a(altera_nios2_gen2_irq.o)

.debug_abbrev   0x0000000000000000      0xef8
 *(.debug_abbrev)
 .debug_abbrev  0x0000000000000000       0x12 ../uart_bsp//obj/HAL/src/crt0.o
 .debug_abbrev  0x0000000000000012       0x8a obj/default/hello_world_small.o
 .debug_abbrev  0x000000000000009c      0x1c0 c:/intelfpga_lite/17.0/nios2eds/bin/gnu/h-x86_64-mingw32/bin/../lib/gcc/nios2-elf/5.3.0/../../../../../H-x86_64-mingw32/nios2-elf/lib/mno-hw-mul\libsmallc.a(lib_a-putchar.o)
 .debug_abbrev  0x000000000000025c      0x14a c:/intelfpga_lite/17.0/nios2eds/bin/gnu/h-x86_64-mingw32/bin/../lib/gcc/nios2-elf/5.3.0/../../../../../H-x86_64-mingw32/nios2-elf/lib/mno-hw-mul\libsmallc.a(lib_a-impure.o)
 .debug_abbrev  0x00000000000003a6      0x1bd c:/intelfpga_lite/17.0/nios2eds/bin/gnu/h-x86_64-mingw32/bin/../lib/gcc/nios2-elf/5.3.0/../../../../../H-x86_64-mingw32/nios2-elf/lib/mno-hw-mul\libsmallc.a(lib_a-putc.o)
 .debug_abbrev  0x0000000000000563      0x1bc c:/intelfpga_lite/17.0/nios2eds/bin/gnu/h-x86_64-mingw32/bin/../lib/gcc/nios2-elf/5.3.0/../../../../../H-x86_64-mingw32/nios2-elf/lib/mno-hw-mul\libsmallc.a(lib_a-fvwrite_small_dev.o)
 .debug_abbrev  0x000000000000071f      0x1a6 c:/intelfpga_lite/17.0/nios2eds/bin/gnu/h-x86_64-mingw32/bin/../lib/gcc/nios2-elf/5.3.0/../../../../../H-x86_64-mingw32/nios2-elf/lib/mno-hw-mul\libsmallc.a(lib_a-writer.o)
 .debug_abbrev  0x00000000000008c5       0x37 c:/intelfpga_lite/17.0/nios2eds/bin/gnu/h-x86_64-mingw32/bin/../lib/gcc/nios2-elf/5.3.0/../../../../../H-x86_64-mingw32/nios2-elf/lib/mno-hw-mul\libsmallc.a(lib_a-int_errno.o)
 .debug_abbrev  0x00000000000008fc       0xd8 ../uart_bsp/\libhal_bsp.a(alt_load.o)
 .debug_abbrev  0x00000000000009d4       0xee ../uart_bsp/\libhal_bsp.a(alt_main.o)
 .debug_abbrev  0x0000000000000ac2      0x12e ../uart_bsp/\libhal_bsp.a(alt_write.o)
 .debug_abbrev  0x0000000000000bf0      0x100 ../uart_bsp/\libhal_bsp.a(alt_sys_init.o)
 .debug_abbrev  0x0000000000000cf0       0xe8 ../uart_bsp/\libhal_bsp.a(altera_avalon_uart_write.o)
 .debug_abbrev  0x0000000000000dd8       0x42 ../uart_bsp/\libhal_bsp.a(alt_dcache_flush_all.o)
 .debug_abbrev  0x0000000000000e1a       0x5a ../uart_bsp/\libhal_bsp.a(alt_errno.o)
 .debug_abbrev  0x0000000000000e74       0x42 ../uart_bsp/\libhal_bsp.a(alt_icache_flush_all.o)
 .debug_abbrev  0x0000000000000eb6       0x42 ../uart_bsp/\libhal_bsp.a(altera_nios2_gen2_irq.o)

.debug_line     0x0000000000000000     0x1029
 *(.debug_line)
 .debug_line    0x0000000000000000       0x66 ../uart_bsp//obj/HAL/src/crt0.o
 .debug_line    0x0000000000000066       0x83 obj/default/hello_world_small.o
 .debug_line    0x00000000000000e9      0x1e9 c:/intelfpga_lite/17.0/nios2eds/bin/gnu/h-x86_64-mingw32/bin/../lib/gcc/nios2-elf/5.3.0/../../../../../H-x86_64-mingw32/nios2-elf/lib/mno-hw-mul\libsmallc.a(lib_a-putchar.o)
 .debug_line    0x00000000000002d2      0x156 c:/intelfpga_lite/17.0/nios2eds/bin/gnu/h-x86_64-mingw32/bin/../lib/gcc/nios2-elf/5.3.0/../../../../../H-x86_64-mingw32/nios2-elf/lib/mno-hw-mul\libsmallc.a(lib_a-impure.o)
 .debug_line    0x0000000000000428      0x202 c:/intelfpga_lite/17.0/nios2eds/bin/gnu/h-x86_64-mingw32/bin/../lib/gcc/nios2-elf/5.3.0/../../../../../H-x86_64-mingw32/nios2-elf/lib/mno-hw-mul\libsmallc.a(lib_a-putc.o)
 .debug_line    0x000000000000062a      0x1f0 c:/intelfpga_lite/17.0/nios2eds/bin/gnu/h-x86_64-mingw32/bin/../lib/gcc/nios2-elf/5.3.0/../../../../../H-x86_64-mingw32/nios2-elf/lib/mno-hw-mul\libsmallc.a(lib_a-fvwrite_small_dev.o)
 .debug_line    0x000000000000081a      0x1ed c:/intelfpga_lite/17.0/nios2eds/bin/gnu/h-x86_64-mingw32/bin/../lib/gcc/nios2-elf/5.3.0/../../../../../H-x86_64-mingw32/nios2-elf/lib/mno-hw-mul\libsmallc.a(lib_a-writer.o)
 .debug_line    0x0000000000000a07       0x5f c:/intelfpga_lite/17.0/nios2eds/bin/gnu/h-x86_64-mingw32/bin/../lib/gcc/nios2-elf/5.3.0/../../../../../H-x86_64-mingw32/nios2-elf/lib/mno-hw-mul\libsmallc.a(lib_a-int_errno.o)
 .debug_line    0x0000000000000a66       0xa4 ../uart_bsp/\libhal_bsp.a(alt_load.o)
 .debug_line    0x0000000000000b0a       0xbd ../uart_bsp/\libhal_bsp.a(alt_main.o)
 .debug_line    0x0000000000000bc7      0x16a ../uart_bsp/\libhal_bsp.a(alt_write.o)
 .debug_line    0x0000000000000d31       0xcf ../uart_bsp/\libhal_bsp.a(alt_sys_init.o)
 .debug_line    0x0000000000000e00       0xec ../uart_bsp/\libhal_bsp.a(altera_avalon_uart_write.o)
 .debug_line    0x0000000000000eec       0x4e ../uart_bsp/\libhal_bsp.a(alt_dcache_flush_all.o)
 .debug_line    0x0000000000000f3a       0x51 ../uart_bsp/\libhal_bsp.a(alt_errno.o)
 .debug_line    0x0000000000000f8b       0x4e ../uart_bsp/\libhal_bsp.a(alt_icache_flush_all.o)
 .debug_line    0x0000000000000fd9       0x50 ../uart_bsp/\libhal_bsp.a(altera_nios2_gen2_irq.o)

.debug_frame    0x0000000000000000      0x290
 *(.debug_frame)
 .debug_frame   0x0000000000000000       0x28 obj/default/hello_world_small.o
 .debug_frame   0x0000000000000028       0x30 c:/intelfpga_lite/17.0/nios2eds/bin/gnu/h-x86_64-mingw32/bin/../lib/gcc/nios2-elf/5.3.0/../../../../../H-x86_64-mingw32/nios2-elf/lib/mno-hw-mul\libsmallc.a(lib_a-putchar.o)
 .debug_frame   0x0000000000000058       0x50 c:/intelfpga_lite/17.0/nios2eds/bin/gnu/h-x86_64-mingw32/bin/../lib/gcc/nios2-elf/5.3.0/../../../../../H-x86_64-mingw32/nios2-elf/lib/mno-hw-mul\libsmallc.a(lib_a-putc.o)
 .debug_frame   0x00000000000000a8       0x58 c:/intelfpga_lite/17.0/nios2eds/bin/gnu/h-x86_64-mingw32/bin/../lib/gcc/nios2-elf/5.3.0/../../../../../H-x86_64-mingw32/nios2-elf/lib/mno-hw-mul\libsmallc.a(lib_a-fvwrite_small_dev.o)
 .debug_frame   0x0000000000000100       0x38 c:/intelfpga_lite/17.0/nios2eds/bin/gnu/h-x86_64-mingw32/bin/../lib/gcc/nios2-elf/5.3.0/../../../../../H-x86_64-mingw32/nios2-elf/lib/mno-hw-mul\libsmallc.a(lib_a-writer.o)
 .debug_frame   0x0000000000000138       0x30 ../uart_bsp/\libhal_bsp.a(alt_load.o)
 .debug_frame   0x0000000000000168       0x2c ../uart_bsp/\libhal_bsp.a(alt_main.o)
 .debug_frame   0x0000000000000194       0x2c ../uart_bsp/\libhal_bsp.a(alt_write.o)
 .debug_frame   0x00000000000001c0       0x3c ../uart_bsp/\libhal_bsp.a(alt_sys_init.o)
 .debug_frame   0x00000000000001fc       0x34 ../uart_bsp/\libhal_bsp.a(altera_avalon_uart_write.o)
 .debug_frame   0x0000000000000230       0x20 ../uart_bsp/\libhal_bsp.a(alt_dcache_flush_all.o)
 .debug_frame   0x0000000000000250       0x20 ../uart_bsp/\libhal_bsp.a(alt_icache_flush_all.o)
 .debug_frame   0x0000000000000270       0x20 ../uart_bsp/\libhal_bsp.a(altera_nios2_gen2_irq.o)

.debug_str      0x0000000000000000      0xa71
 *(.debug_str)
 .debug_str     0x0000000000000000      0x108 obj/default/hello_world_small.o
                                        0x14e (size before relaxing)
 .debug_str     0x0000000000000108      0x3ef c:/intelfpga_lite/17.0/nios2eds/bin/gnu/h-x86_64-mingw32/bin/../lib/gcc/nios2-elf/5.3.0/../../../../../H-x86_64-mingw32/nios2-elf/lib/mno-hw-mul\libsmallc.a(lib_a-putchar.o)
                                        0x4c1 (size before relaxing)
 .debug_str     0x00000000000004f7       0xef c:/intelfpga_lite/17.0/nios2eds/bin/gnu/h-x86_64-mingw32/bin/../lib/gcc/nios2-elf/5.3.0/../../../../../H-x86_64-mingw32/nios2-elf/lib/mno-hw-mul\libsmallc.a(lib_a-impure.o)
                                        0x4be (size before relaxing)
 .debug_str     0x00000000000005e6       0x5b c:/intelfpga_lite/17.0/nios2eds/bin/gnu/h-x86_64-mingw32/bin/../lib/gcc/nios2-elf/5.3.0/../../../../../H-x86_64-mingw32/nios2-elf/lib/mno-hw-mul\libsmallc.a(lib_a-putc.o)
                                        0x4cb (size before relaxing)
 .debug_str     0x0000000000000641       0x63 c:/intelfpga_lite/17.0/nios2eds/bin/gnu/h-x86_64-mingw32/bin/../lib/gcc/nios2-elf/5.3.0/../../../../../H-x86_64-mingw32/nios2-elf/lib/mno-hw-mul\libsmallc.a(lib_a-fvwrite_small_dev.o)
                                        0x4d4 (size before relaxing)
 .debug_str     0x00000000000006a4       0x45 c:/intelfpga_lite/17.0/nios2eds/bin/gnu/h-x86_64-mingw32/bin/../lib/gcc/nios2-elf/5.3.0/../../../../../H-x86_64-mingw32/nios2-elf/lib/mno-hw-mul\libsmallc.a(lib_a-writer.o)
                                        0x4b8 (size before relaxing)
 .debug_str     0x00000000000006e9       0x3f c:/intelfpga_lite/17.0/nios2eds/bin/gnu/h-x86_64-mingw32/bin/../lib/gcc/nios2-elf/5.3.0/../../../../../H-x86_64-mingw32/nios2-elf/lib/mno-hw-mul\libsmallc.a(lib_a-int_errno.o)
                                        0x1d8 (size before relaxing)
 .debug_str     0x0000000000000728      0x14c ../uart_bsp/\libhal_bsp.a(alt_load.o)
                                        0x233 (size before relaxing)
 .debug_str     0x0000000000000874       0x8a ../uart_bsp/\libhal_bsp.a(alt_main.o)
                                        0x1ac (size before relaxing)
 .debug_str     0x00000000000008fe       0x67 ../uart_bsp/\libhal_bsp.a(alt_write.o)
                                        0x1c8 (size before relaxing)
 .debug_str     0x0000000000000965       0x66 ../uart_bsp/\libhal_bsp.a(alt_sys_init.o)
                                        0x1eb (size before relaxing)
 .debug_str     0x00000000000009cb       0x34 ../uart_bsp/\libhal_bsp.a(altera_avalon_uart_write.o)
                                        0x200 (size before relaxing)
 .debug_str     0x00000000000009ff       0x1f ../uart_bsp/\libhal_bsp.a(alt_dcache_flush_all.o)
                                        0x14c (size before relaxing)
 .debug_str     0x0000000000000a1e       0x14 ../uart_bsp/\libhal_bsp.a(alt_errno.o)
                                        0x13c (size before relaxing)
 .debug_str     0x0000000000000a32       0x1f ../uart_bsp/\libhal_bsp.a(alt_icache_flush_all.o)
                                        0x14c (size before relaxing)
 .debug_str     0x0000000000000a51       0x20 ../uart_bsp/\libhal_bsp.a(altera_nios2_gen2_irq.o)
                                        0x153 (size before relaxing)

.debug_loc      0x0000000000000000      0x55b
 *(.debug_loc)
 .debug_loc     0x0000000000000000       0x13 obj/default/hello_world_small.o
 .debug_loc     0x0000000000000013       0x81 c:/intelfpga_lite/17.0/nios2eds/bin/gnu/h-x86_64-mingw32/bin/../lib/gcc/nios2-elf/5.3.0/../../../../../H-x86_64-mingw32/nios2-elf/lib/mno-hw-mul\libsmallc.a(lib_a-putchar.o)
 .debug_loc     0x0000000000000094       0xc6 c:/intelfpga_lite/17.0/nios2eds/bin/gnu/h-x86_64-mingw32/bin/../lib/gcc/nios2-elf/5.3.0/../../../../../H-x86_64-mingw32/nios2-elf/lib/mno-hw-mul\libsmallc.a(lib_a-putc.o)
 .debug_loc     0x000000000000015a      0x110 c:/intelfpga_lite/17.0/nios2eds/bin/gnu/h-x86_64-mingw32/bin/../lib/gcc/nios2-elf/5.3.0/../../../../../H-x86_64-mingw32/nios2-elf/lib/mno-hw-mul\libsmallc.a(lib_a-fvwrite_small_dev.o)
 .debug_loc     0x000000000000026a       0xa5 c:/intelfpga_lite/17.0/nios2eds/bin/gnu/h-x86_64-mingw32/bin/../lib/gcc/nios2-elf/5.3.0/../../../../../H-x86_64-mingw32/nios2-elf/lib/mno-hw-mul\libsmallc.a(lib_a-writer.o)
 .debug_loc     0x000000000000030f       0xcf ../uart_bsp/\libhal_bsp.a(alt_write.o)
 .debug_loc     0x00000000000003de       0x21 ../uart_bsp/\libhal_bsp.a(alt_sys_init.o)
 .debug_loc     0x00000000000003ff      0x15c ../uart_bsp/\libhal_bsp.a(altera_avalon_uart_write.o)

.debug_macinfo
 *(.debug_macinfo)

.debug_weaknames
 *(.debug_weaknames)

.debug_funcnames
 *(.debug_funcnames)

.debug_typenames
 *(.debug_typenames)

.debug_varnames
 *(.debug_varnames)

.debug_alt_sim_info
                0x0000000000000000       0x10
 *(.debug_alt_sim_info)
 .debug_alt_sim_info
                0x0000000000000000       0x10 ../uart_bsp//obj/HAL/src/crt0.o
                0x0000000000002000                __alt_data_end = 0x2000
                0x0000000000002000                PROVIDE (__alt_stack_pointer, __alt_data_end)
                [!provide]                        PROVIDE (__alt_stack_limit, __alt_stack_base)
                [!provide]                        PROVIDE (__alt_heap_start, end)
                [!provide]                        PROVIDE (__alt_heap_limit, 0x2000)
OUTPUT(uart.elf elf32-littlenios2)

.debug_ranges   0x0000000000000000      0x100
 .debug_ranges  0x0000000000000000       0x20 ../uart_bsp//obj/HAL/src/crt0.o
 .debug_ranges  0x0000000000000020       0x10 obj/default/hello_world_small.o
 .debug_ranges  0x0000000000000030       0x18 c:/intelfpga_lite/17.0/nios2eds/bin/gnu/h-x86_64-mingw32/bin/../lib/gcc/nios2-elf/5.3.0/../../../../../H-x86_64-mingw32/nios2-elf/lib/mno-hw-mul\libsmallc.a(lib_a-putchar.o)
 .debug_ranges  0x0000000000000048       0x18 c:/intelfpga_lite/17.0/nios2eds/bin/gnu/h-x86_64-mingw32/bin/../lib/gcc/nios2-elf/5.3.0/../../../../../H-x86_64-mingw32/nios2-elf/lib/mno-hw-mul\libsmallc.a(lib_a-putc.o)
 .debug_ranges  0x0000000000000060       0x28 c:/intelfpga_lite/17.0/nios2eds/bin/gnu/h-x86_64-mingw32/bin/../lib/gcc/nios2-elf/5.3.0/../../../../../H-x86_64-mingw32/nios2-elf/lib/mno-hw-mul\libsmallc.a(lib_a-fvwrite_small_dev.o)
 .debug_ranges  0x0000000000000088       0x10 c:/intelfpga_lite/17.0/nios2eds/bin/gnu/h-x86_64-mingw32/bin/../lib/gcc/nios2-elf/5.3.0/../../../../../H-x86_64-mingw32/nios2-elf/lib/mno-hw-mul\libsmallc.a(lib_a-writer.o)
 .debug_ranges  0x0000000000000098       0x48 ../uart_bsp/\libhal_bsp.a(alt_load.o)
 .debug_ranges  0x00000000000000e0       0x20 ../uart_bsp/\libhal_bsp.a(alt_write.o)
